// Jest Snapshot v1, https://goo.gl/fbAQLP

exports[`List component renders List 1`] = `
<section>
  <p>
    <Link
      to="detail/1"
    >
      Rick Sanchez
    </Link>
  </p>
  <p>
    Species: 
    Human
  </p>
  <p>
    Status: 
    Alive
  </p>
  <img
    src="https://rickandmortyapi.com/api/character/avatar/1.jpeg"
  />
</section>
`;
